// Jest Snapshot v1, https://goo.gl/fbAQLP

exports[`ForecastSummary renders and matches snapshot 1`] = `[Function]`;
