// Jest Snapshot v1, https://goo.gl/fbAQLP

exports[`ForecastDetails renders and matches snapshot 1`] = `[Function]`;
